2026-08-13 12:04:46,722 [INFO] Iniciando scraping vía RSS Google News para: 'accidente transito Monteria'
2026-08-13 12:04:49,559 [INFO] Items encontrados en RSS para 'accidente transito Monteria': 100
2026-08-13 12:04:49,587 [INFO] ✔ NOTICIA GUARDADA: [La Guajira Hoy.com] Bus que habría cubierto Montería–Maicao se volcó c... | Lugar: Montería (Sector sin especificar)
2026-08-13 12:04:49,595 [INFO] ✔ NOTICIA GUARDADA: [Caracol Radio] Dos personas muertas y seis más heridas deja accid... | Lugar: Montería (Sector sin especificar)
2026-08-13 12:04:49,604 [INFO] ✔ NOTICIA GUARDADA: [wradio.com.co] Muertes en accidentes de tránsito se aumentaron en... | Lugar: Montería (Sector sin especificar)
2026-08-13 12:04:49,611 [INFO] ✔ NOTICIA GUARDADA: [larazon.co] Murió reconocido árbitro de fútbol en accidente de... | Lugar: Cereté
2026-08-13 12:04:49,619 [INFO] ✔ NOTICIA GUARDADA: [El Meridiano] Comerciante murió en accidente - El Meridiano... | Lugar: Montería (Sector sin especificar)
2026-08-13 12:04:49,627 [INFO] ✔ NOTICIA GUARDADA: [Caracol Radio] Accidentes de tránsito dejan cinco personas muerta... | Lugar: Montería (Sector sin especificar)
2026-08-13 12:04:49,635 [INFO] ✔ NOTICIA GUARDADA: [ELHERALDO.CO] Asesinaron a un ingeniero en Montería tras choque ... | Lugar: Montería (Sector sin especificar)
2026-08-13 12:04:49,642 [INFO] ✔ NOTICIA GUARDADA: [larazon.co] Un hombre perdió la vida este miércoles 1° de abri... | Lugar: Montería (Sector sin especificar)
2026-08-13 12:04:49,651 [INFO] ✔ NOTICIA GUARDADA: [wradio.com.co] Accidentes de tránsito han dejado más de 300 perso... | Lugar: Montería (Sector sin especificar)
2026-08-13 12:04:49,658 [INFO] ✔ NOTICIA GUARDADA: [El Meridiano] Tragedia vial en Montería: dos menores pierden la ... | Lugar: Montería (Sector sin especificar)
2026-08-13 12:04:49,665 [INFO] ✔ NOTICIA GUARDADA: [Caracol Radio] Intolerancia fatal en Montería: Asesinaron a ingen... | Lugar: Montería (Sector sin especificar)
2026-08-13 12:04:49,672 [INFO] ✔ NOTICIA GUARDADA: [larazon.co] Choque múltiple deja cuatro personas heridas en la... | Lugar: vía Montería
2026-08-13 12:04:49,679 [INFO] ✔ NOTICIA GUARDADA: [El Meridiano] María José y Adriana fueron las víctimas del accid... | Lugar: Montería (Sector sin especificar)
2026-08-13 12:04:49,686 [INFO] ✔ NOTICIA GUARDADA: [Caracol Radio] Tres personas muertas y una menor herida deja grav... | Lugar: vía Cereté, Cereté
2026-08-13 12:04:49,693 [INFO] ✔ NOTICIA GUARDADA: [larazon.co] Muere motociclista en choque frontal en la vía Mon... | Lugar: Planeta Rica, vía Montería
2026-08-13 12:04:49,698 [INFO] ✔ NOTICIA GUARDADA: [larazon.co] Conductor de empresa de mensajería resulta herido ... | Lugar: Montería (Sector sin especificar)
2026-08-13 12:04:49,705 [INFO] ✔ NOTICIA GUARDADA: [larazon.co] Mujer murió en choque entre motocicleta y volqueta... | Lugar: Tierralta, vía Tierralta
2026-08-13 12:04:49,712 [INFO] ✔ NOTICIA GUARDADA: [larazon.co] Córdoba registra casi un muerto por día en acciden... | Lugar: Montería (Sector sin especificar)
2026-08-13 12:04:49,718 [INFO] ✔ NOTICIA GUARDADA: [larazon.co] Murió adolescente que luchó seis días por su vida ... | Lugar: Montería (Sector sin especificar)
2026-08-13 12:04:49,726 [INFO] ✔ NOTICIA GUARDADA: [larazon.co] Mujer falleció y otras 5 personas resultaron herid... | Lugar: Montería (Sector sin especificar)
2026-08-13 12:04:49,732 [INFO] ✔ NOTICIA GUARDADA: [Caracol Radio] Trágico inicio de 2026 en Tierralta: tres personas... | Lugar: Tierralta, vía a Urrá
2026-08-13 12:04:49,739 [INFO] ✔ NOTICIA GUARDADA: [larazon.co] Dos niños de 2 y 3 años, entre los 14 heridos del ... | Lugar: vía Buenavista
2026-08-13 12:04:49,745 [INFO] ✔ NOTICIA GUARDADA: [larazon.co] Joven murió a dos cuadras de su casa en accidente ... | Lugar: Montería (Sector sin especificar)
2026-08-13 12:04:49,751 [INFO] ✔ NOTICIA GUARDADA: [larazon.co] Mujer que sufrió accidente automovilístico en Cién... | Lugar: Ciénaga de Oro
2026-08-13 12:04:49,757 [INFO] ✔ NOTICIA GUARDADA: [Alcaldía de Montería] Alcaldía de Montería y Policía Metropolitana reali... | Lugar: Montería (Sector sin especificar)
2026-08-13 12:04:49,764 [INFO] ✔ NOTICIA GUARDADA: [larazon.co] Cinco heridos tras volcamiento de bus Rápido Ochoa... | Lugar: vía Medellín
2026-08-13 12:04:49,770 [INFO] ✔ NOTICIA GUARDADA: [Caracol Radio] La tragedia vuelve a golpear al Alcalde de San Ant... | Lugar: Montería (Sector sin especificar)
2026-08-13 12:04:49,777 [INFO] ✔ NOTICIA GUARDADA: [larazon.co] Ingeniero civil fue asesinado en un hecho de intol... | Lugar: Montería (Sector sin especificar)
2026-08-13 12:04:49,782 [INFO] ✔ NOTICIA GUARDADA: [El Meridiano] Se chocaron, uno perdió el ojo - El Meridiano... | Lugar: Montería (Sector sin especificar)
2026-08-13 12:04:49,789 [INFO] ✔ NOTICIA GUARDADA: [larazon.co] Pareja de esposos falleció en accidente en la vía ... | Lugar: Planeta Rica, vía Planeta Rica
2026-08-13 12:04:49,796 [INFO] ✔ NOTICIA GUARDADA: [Análisis Urbano] Cinco personas heridas tras volcamiento de bus en ... | Lugar: Montería (Sector sin especificar)
2026-08-13 12:04:49,803 [INFO] ✔ NOTICIA GUARDADA: [larazon.co] Exigen justicia en caso de joven monteriano que mu... | Lugar: Montería (Sector sin especificar)
2026-08-13 12:04:49,810 [INFO] ✔ NOTICIA GUARDADA: [El Tiempo] Accidente de tránsito en Córdoba: choque entre bus... | Lugar: Planeta Rica, vía Montería
2026-08-13 12:04:49,817 [INFO] ✔ NOTICIA GUARDADA: [El Tiempo] Conmoción por conductor que mató a un perrito y lu... | Lugar: Montería (Sector sin especificar)
2026-08-13 12:04:49,824 [INFO] ✔ NOTICIA GUARDADA: [Caracol Radio] Tragedia en Montería: estudiante de enfermería pie... | Lugar: Montería (Sector sin especificar)
2026-08-13 12:04:49,831 [INFO] ✔ NOTICIA GUARDADA: [Caracol Radio] Confirman identidades de las víctimas del fatal ac... | Lugar: Planeta Rica
2026-08-13 12:04:49,838 [INFO] ✔ NOTICIA GUARDADA: [El Meridiano] Grave accidente dejó 4 heridos en Montería - El Me... | Lugar: Montería (Sector sin especificar)
2026-08-13 12:04:49,844 [INFO] ✔ NOTICIA GUARDADA: [El Meridiano] Fue identificada la mujer que perdió la vida en ac... | Lugar: Montería (Sector sin especificar)
2026-08-13 12:04:49,851 [INFO] ✔ NOTICIA GUARDADA: [Caracol Radio] Fatal accidente entre una ambulancia y un bus que ... | Lugar: Montería (Sector sin especificar)
2026-08-13 12:04:49,858 [INFO] ✔ NOTICIA GUARDADA: [Caracol Radio] Dos muertos y cuatro heridos en accidente de un bu... | Lugar: Montería (Sector sin especificar)
2026-08-13 12:04:49,866 [INFO] ✔ NOTICIA GUARDADA: [Pulzo] Angustia por persona que quedó atrapada en aparato... | Lugar: Montería (Sector sin especificar)
2026-08-13 12:04:49,874 [INFO] ✔ NOTICIA GUARDADA: [Infobae] Adolescente que atropelló a una mujer y su mascota... | Lugar: Montería (Sector sin especificar)
2026-08-13 12:04:49,881 [INFO] ✔ NOTICIA GUARDADA: [ELHERALDO.CO] Accidente de bus en la vía Montería-Arboletes solo... | Lugar: vía Montería
2026-08-13 12:04:49,888 [INFO] ✔ NOTICIA GUARDADA: [El Tiempo] En video quedó registrado fatal accidente: motocic... | Lugar: Montería (Sector sin especificar)
2026-08-13 12:04:49,894 [INFO] ✔ NOTICIA GUARDADA: [Caracol Radio] Exgobernador de Córdoba atropella a cinco personas... | Lugar: Montería (Sector sin especificar)
2026-08-13 12:04:49,901 [INFO] ✔ NOTICIA GUARDADA: [Pulzo] Identifican a mujer que murió en brutal accidente ... | Lugar: Montería (Sector sin especificar)
2026-08-13 12:04:49,907 [INFO] ✔ NOTICIA GUARDADA: [Revista Semana] Conmoción en Montería: adolescente mató a una perr... | Lugar: Montería (Sector sin especificar)
2026-08-13 12:04:49,913 [INFO] ✔ NOTICIA GUARDADA: [Pulzo] Joven murió en accidente de moto porque se habría ... | Lugar: Montería (Sector sin especificar)
2026-08-13 12:04:49,920 [INFO] ✔ NOTICIA GUARDADA: [El Colombiano] Un choque entre un bus de Brasilia y una ambulanci... | Lugar: Planeta Rica, vía Montería
2026-08-13 12:04:49,925 [INFO] ✔ NOTICIA GUARDADA: [rionoticias.co] Muere conductor en choque frontal en la vía Monter... | Lugar: Planeta Rica, vía Montería
2026-08-13 12:04:49,930 [INFO] ✔ NOTICIA GUARDADA: [El Meridiano] Gobernación de Córdoba lamenta accidente vial ocur... | Lugar: Planeta Rica
2026-08-13 12:04:49,937 [INFO] ✔ NOTICIA GUARDADA: [Pulzo] [Video] Impactante accidente entre bus y ambulanci... | Lugar: Montería (Sector sin especificar)
2026-08-13 12:04:49,942 [INFO] ✔ NOTICIA GUARDADA: [El Meridiano] Identifican hombre que falleció en accidente - El ... | Lugar: Montería (Sector sin especificar)
2026-08-13 12:04:49,947 [INFO] ✔ NOTICIA GUARDADA: [El Meridiano] Pareja se accidentó, la mujer perdió un brazo - El... | Lugar: Montería (Sector sin especificar)
2026-08-13 12:04:49,952 [INFO] ✔ NOTICIA GUARDADA: [wradio.com.co] Muere líder de la comunidad Lgtbq+ en accidente de... | Lugar: Montelíbano
2026-08-13 12:04:49,957 [INFO] ✔ NOTICIA GUARDADA: [El Meridiano] Accidente de tránsito en la glorieta de Mocarí, de... | Lugar: Mocarí, Glorieta de Mocarí
2026-08-13 12:04:49,964 [INFO] ✔ NOTICIA GUARDADA: [Pulzo] Mujer murió en brutal accidente cuando iba en moto... | Lugar: Montería (Sector sin especificar)
2026-08-13 12:04:49,969 [INFO] ✔ NOTICIA GUARDADA: [Pulzo] Periodista colombiano murió en impactante accident... | Lugar: Montería (Sector sin especificar)
2026-08-13 12:04:49,974 [INFO] ✔ NOTICIA GUARDADA: [Noticias Caracol] Dos universitarios de 17 años que iban en moto se ... | Lugar: Montería (Sector sin especificar)
2026-08-13 12:04:49,980 [INFO] ✔ NOTICIA GUARDADA: [ELHERALDO.CO] Bloquean la vía Lorica-Montería en rechazo por mue... | Lugar: vía Lorica, Lorica
2026-08-13 12:04:49,987 [INFO] ✔ NOTICIA GUARDADA: [ELHERALDO.CO] Accidente en la vía Montería - Cereté: Carro chocó... | Lugar: vía Montería, Cereté
2026-08-13 12:04:49,992 [INFO] ✔ NOTICIA GUARDADA: [Chica Noticias] Taxi sufrió fuerte accidente en la vía Arboletes–M... | Lugar: vía Arboletes
2026-08-13 12:04:49,997 [INFO] ✔ NOTICIA GUARDADA: [rionoticias.co] Accidente de tránsito en la vía Montería–Arboletes... | Lugar: vía Montería
2026-08-13 12:04:50,003 [INFO] ✔ NOTICIA GUARDADA: [Chica Noticias] Accidente entre un automóvil y una motocicleta dej... | Lugar: Montería (Sector sin especificar)
2026-08-13 12:04:50,010 [INFO] ✔ NOTICIA GUARDADA: [Chica Noticias] ¡CHOQUE MÚLTIPLE! Cinco heridos tras aparatoso acc... | Lugar: vía Montería
2026-08-13 12:04:50,022 [INFO] ✔ NOTICIA GUARDADA: [rionoticias.co] Accidente en el norte de Montería dejó un motocicl... | Lugar: Montería (Sector sin especificar)
2026-08-13 12:04:50,027 [INFO] ✔ NOTICIA GUARDADA: [notipregonar.com] Cuatro heridos deja accidente en la vía Montería-A... | Lugar: vía Montería
2026-08-13 12:04:50,034 [INFO] ✔ NOTICIA GUARDADA: [rionoticias.co] Accidente en la vía Montería–Planeta Rica dejó un ... | Lugar: Planeta Rica, vía Montería
2026-08-13 12:04:50,041 [INFO] ✔ NOTICIA GUARDADA: [notipregonar.com] Tragedia en Montería: muere reconocido comerciante... | Lugar: Montería (Sector sin especificar)
2026-08-13 12:04:50,049 [INFO] ✔ NOTICIA GUARDADA: [Chica Noticias] Compró la moto de sus sueños y semanas después per... | Lugar: Montería (Sector sin especificar)
2026-08-13 12:04:50,057 [INFO] ✔ NOTICIA GUARDADA: [Chica Noticias] Nuevo accidente en la vía Cereté – Montería: tres ... | Lugar: vía Cereté, Cereté
2026-08-13 12:04:50,064 [INFO] ✔ NOTICIA GUARDADA: [Chica Noticias] Identifican a comerciante que falleció tras accide... | Lugar: vía Montería
2026-08-13 12:04:50,071 [INFO] ✔ NOTICIA GUARDADA: [Chica Noticias] Accidente de tránsito entre motocicleta y vehículo... | Lugar: vía Montería, Cereté
2026-08-13 12:04:50,080 [INFO] ✔ NOTICIA GUARDADA: [rionoticias.co] Identifican a hombre que murió en accidente en la ... | Lugar: Planeta Rica, vía Planeta Rica
2026-08-13 12:04:50,088 [INFO] ✔ NOTICIA GUARDADA: [Chica Noticias] Accidente en la vía Montería – Arboletes deja un f... | Lugar: vía Montería
2026-08-13 12:04:50,095 [INFO] ✔ NOTICIA GUARDADA: [Chica Noticias] ¡Dolor en Montería! Identifican al ciclista que mu... | Lugar: Montería (Sector sin especificar)
2026-08-13 12:04:50,102 [INFO] ✔ NOTICIA GUARDADA: [Chica Noticias] Accidente en el centro de Montería entre moto y bi... | Lugar: Centro
2026-08-13 12:04:50,109 [INFO] ✔ NOTICIA GUARDADA: [Chica Noticias] Motociclista pierde la vida tras chocar con un fur... | Lugar: Planeta Rica, vía Montería
2026-08-13 12:04:50,116 [INFO] ✔ NOTICIA GUARDADA: [Chica Noticias] Trágico accidente en Montería: motociclista muere ... | Lugar: Montería (Sector sin especificar)
2026-08-13 12:04:50,122 [INFO] ✔ NOTICIA GUARDADA: [Chica Noticias] Un nuevo accidente de transito vuelve a encender a... | Lugar: Montería (Sector sin especificar)
2026-08-13 12:04:50,129 [INFO] ✔ NOTICIA GUARDADA: [rionoticias.co] Joven resultó herido tras caer desde el puente del... | Lugar: Montería (Sector sin especificar)
2026-08-13 12:04:50,136 [INFO] ✔ NOTICIA GUARDADA: [Chica Noticias] Identifican a hombre que falleció en accidente de ... | Lugar: vía Montería
2026-08-13 12:04:50,144 [INFO] ✔ NOTICIA GUARDADA: [Chica Noticias] Motociclista perdió la vida tras trágico accidente... | Lugar: Montería (Sector sin especificar)
2026-08-13 12:04:50,151 [INFO] ✔ NOTICIA GUARDADA: [Chica Noticias] Accidente en la vía Tierralta – Montería deja una ... | Lugar: Tierralta, vía Tierralta
2026-08-13 12:04:50,158 [INFO] ✔ NOTICIA GUARDADA: [Chica Noticias] Dos personas resultaron heridas en accidente de tr... | Lugar: vía Cereté, Cereté
2026-08-13 12:04:50,164 [INFO] ✔ NOTICIA GUARDADA: [Chica Noticias] Choque entre vehículo de misión médica y camión de... | Lugar: Planeta Rica, vía Montería
2026-08-13 12:04:50,171 [INFO] ✔ NOTICIA GUARDADA: [rionoticias.co] Accidente en el anillo vial provoca fuerte congest... | Lugar: Mocarí
2026-08-13 12:04:50,177 [INFO] ✔ NOTICIA GUARDADA: [Chica Noticias] Motociclista falleció en accidente de tránsito en ... | Lugar: vía Lorica, Lorica
2026-08-13 12:04:50,184 [INFO] ✔ NOTICIA GUARDADA: [Chica Noticias] Grave accidente en la vía Montería–Cereté deja var... | Lugar: Garzones, vía Montería, Cereté
2026-08-13 12:04:50,189 [INFO] ✔ NOTICIA GUARDADA: [Chica Noticias] Joven de Momil lucha por su vida tras sufrir un gr... | Lugar: Montería (Sector sin especificar)
2026-08-13 12:04:50,196 [INFO] ✔ NOTICIA GUARDADA: [Chica Noticias] Aparatoso accidente en Mogambo dejó a un hombre gr... | Lugar: Montería (Sector sin especificar)
2026-08-13 12:04:50,203 [INFO] ✔ NOTICIA GUARDADA: [Chica Noticias] Accidente en el “cruce de la muerte” frente a clín... | Lugar: Montería (Sector sin especificar)
2026-08-13 12:04:50,209 [INFO] ✔ NOTICIA GUARDADA: [Eluniversal.com.co] 2 muertos dejó accidente de bus de Brasilia que cu... | Lugar: Montería (Sector sin especificar)
2026-08-13 12:04:50,221 [INFO] ✔ NOTICIA GUARDADA: [Chica Noticias] Grave accidente en la vía Mocarí – Terminal deja a... | Lugar: Mocarí, vía Mocarí
2026-08-13 12:04:50,228 [INFO] ✔ NOTICIA GUARDADA: [Chica Noticias] ¡Eran hermanos! Identifican a víctimas de trágico ... | Lugar: Montería (Sector sin especificar)
2026-08-13 12:04:50,235 [INFO] ✔ NOTICIA GUARDADA: [Chica Noticias] Joven herido en accidente en Sahagún murió en Mont... | Lugar: Sahagún
2026-08-13 12:04:50,242 [INFO] ✔ NOTICIA GUARDADA: [Chica Noticias] Hombre falleció tras quedar atrapado debajo de un ... | Lugar: Montería (Sector sin especificar)
2026-08-13 12:04:50,251 [INFO] ✔ NOTICIA GUARDADA: [rionoticias.co] Víctimas del accidente Planeta Rica-Montería eran ... | Lugar: Planeta Rica
2026-08-13 12:04:50,257 [INFO] ✔ NOTICIA GUARDADA: [Chica Noticias] Daniela Solar Miranda, la joven madre que perdió l... | Lugar: Montería (Sector sin especificar)
2026-08-13 12:04:50,263 [INFO] ✔ NOTICIA GUARDADA: [Chica Noticias] ¡Alarma vial! 19 personas han muerto en accidentes... | Lugar: Montería (Sector sin especificar)
2026-08-13 12:04:52,265 [INFO] Iniciando scraping vía RSS Google News para: 'accidente choques muertos Monteria Cordoba'
2026-08-13 12:04:54,898 [INFO] Items encontrados en RSS para 'accidente choques muertos Monteria Cordoba': 51
2026-08-13 12:04:54,958 [INFO] ✔ NOTICIA GUARDADA: [El Colombiano] Pareja de esposos de Guarne iba de paseo a Tolú y ... | Lugar: Montería (Sector sin especificar)
2026-08-13 12:04:54,974 [INFO] ✔ NOTICIA GUARDADA: [DiariOriente] Luto en Guarne: pareja de esposos murieron en trág... | Lugar: Montería (Sector sin especificar)
2026-08-13 12:04:54,985 [INFO] ✔ NOTICIA GUARDADA: [larazon.co] Dos muertos en accidentes viales durante el inicio... | Lugar: Montería (Sector sin especificar)
2026-08-13 12:04:54,997 [INFO] ✔ NOTICIA GUARDADA: [larazon.co] Identifican en Medicina Legal a las dos mujeres mu... | Lugar: Montería (Sector sin especificar)
2026-08-13 12:04:55,011 [INFO] ✔ NOTICIA GUARDADA: [El Espectador] Dejaron libre a conductor que manejó en contravía ... | Lugar: Montería (Sector sin especificar)
2026-08-13 12:04:55,019 [INFO] ✔ NOTICIA GUARDADA: [Infobae] Cuatro muertos y varios heridos dejó el choque de ... | Lugar: vía de Córdoba
2026-08-13 12:04:55,030 [INFO] ✔ NOTICIA GUARDADA: [wradio.com.co] Tres personas muertas deja choque de motocicletas ... | Lugar: Montería (Sector sin especificar)
2026-08-13 12:04:55,040 [INFO] ✔ NOTICIA GUARDADA: [Focus Noticias] Esta es la identidad de las dos víctimas del fatal... | Lugar: Montería (Sector sin especificar)
2026-08-13 12:04:55,051 [INFO] ✔ NOTICIA GUARDADA: [Infobae] Video: vehículo particular fue aplastado por una t... | Lugar: vía al mar hacia
2026-08-13 12:04:55,062 [INFO] ✔ NOTICIA GUARDADA: [Infobae] Un viaje fatal en Chinú, Córdoba: choque de motoci... | Lugar: Montería (Sector sin especificar)
2026-08-13 12:04:55,069 [INFO] ✔ NOTICIA GUARDADA: [larazon.co] Tres vidas se perdieron en aparatoso accidente de ... | Lugar: Montería (Sector sin especificar)
2026-08-13 12:04:55,077 [INFO] ✔ NOTICIA GUARDADA: [larazon.co] Dos muertos y un herido en choque de motos en la v... | Lugar: vía Arboletes
2026-08-13 12:04:55,085 [INFO] ✔ NOTICIA GUARDADA: [ELHERALDO.CO] Una contadora y un ingeniero de reconocida empresa... | Lugar: Montería (Sector sin especificar)
2026-08-13 12:04:55,094 [INFO] ✔ NOTICIA GUARDADA: [larazon.co] Motociclista murió al chocar con camión de valores... | Lugar: Planeta Rica, vía Montería
2026-08-13 12:04:55,102 [INFO] ✔ NOTICIA GUARDADA: [El Tiempo] Cuatro muertos en choque de dos motocicletas en ví... | Lugar: vía de Córdoba
2026-08-13 12:04:55,109 [INFO] ✔ NOTICIA GUARDADA: [Noticias RCN] Un muerto y 18 heridos deja accidente de un bus es... | Lugar: Montería (Sector sin especificar)
2026-08-13 12:04:55,118 [INFO] ✔ NOTICIA GUARDADA: [Pulzo] Brutal choque entre motocicletas dejó dos fallecid... | Lugar: Montería (Sector sin especificar)
2026-08-13 12:04:55,125 [INFO] ✔ NOTICIA GUARDADA: [larazon.co] Dos muertos en accidente en la vía Cereté – San Pe... | Lugar: vía Cereté, Cereté
2026-08-13 12:04:55,133 [INFO] ✔ NOTICIA GUARDADA: [larazon.co] Un muerto y una joven herida dejó un vuelco en la ... | Lugar: vía Cereté, Ciénaga de Oro, Cereté
2026-08-13 12:04:55,140 [INFO] ✔ NOTICIA GUARDADA: [larazon.co] Accidente frente a Urbanización Malibú deja un mue... | Lugar: Montería (Sector sin especificar)
2026-08-13 12:04:55,148 [INFO] ✔ NOTICIA GUARDADA: [Caracol Radio] Dos hombres mueren en un choque de motos en la vía... | Lugar: Lorica, Cereté, vía entre Lorica y
2026-08-13 12:04:55,155 [INFO] ✔ NOTICIA GUARDADA: [Zona Cero] Triple choque dejó un muerto y cuatro heridos en l... | Lugar: vía Montería, Cereté
2026-08-13 12:04:55,161 [INFO] ✔ NOTICIA GUARDADA: [Zona Cero] Accidente en Planeta Rica: dos muertos, entre ello... | Lugar: Planeta Rica
2026-08-13 12:04:55,169 [INFO] ✔ NOTICIA GUARDADA: [Caracol Radio] Choque entre la Alcaldía de Montería y Metrosinú p... | Lugar: Montería (Sector sin especificar)
2026-08-13 12:04:55,177 [INFO] ✔ NOTICIA GUARDADA: [Hora 13 Noticias] Bus que venía para Medellín terminó volcado y dejó... | Lugar: Montería (Sector sin especificar)
2026-08-13 12:04:55,184 [INFO] ✔ NOTICIA GUARDADA: [ELHERALDO.CO] Aparatoso choque entre un tractocamión y un bus en... | Lugar: Montería (Sector sin especificar)
2026-08-13 12:04:55,192 [INFO] ✔ NOTICIA GUARDADA: [facebook.com] Dos fallecidos en Córdoba: uno en un accidente, ot... | Lugar: Montería (Sector sin especificar)
2026-08-13 12:04:55,199 [INFO] ✔ NOTICIA GUARDADA: [larazon.co] Choque fatal en vía Cereté-San Pelayo deja dos per... | Lugar: vía Cereté, Cereté
2026-08-13 12:04:55,206 [INFO] ✔ NOTICIA GUARDADA: [ELHERALDO.CO] Accidente en el sur de Córdoba: un muerto y al men... | Lugar: Montería (Sector sin especificar)
2026-08-13 12:04:55,213 [INFO] ✔ NOTICIA GUARDADA: [Blu Radio] Conductor y enfermero de una ambulancia murieron e... | Lugar: Montería (Sector sin especificar)
2026-08-13 12:04:55,221 [INFO] ✔ NOTICIA GUARDADA: [radiohoy.com] Choque de moto y bus dejó un muerto en la Troncal ... | Lugar: Troncal del Caribe
2026-08-13 12:04:55,228 [INFO] ✔ NOTICIA GUARDADA: [Chica Noticias] Dos jóvenes perdieron la vida tras brutal choque c... | Lugar: vía Cereté, Ciénaga de Oro, Cereté
2026-08-13 12:04:55,236 [INFO] ✔ NOTICIA GUARDADA: [rionoticias.co] Dos muertos en la vía Planeta Rica-Montería: una d... | Lugar: Planeta Rica, vía Planeta Rica
2026-08-13 12:04:55,242 [INFO] ✔ NOTICIA GUARDADA: [Chica Noticias] Falleció el tercer menor involucrado en choque de ... | Lugar: Montelíbano
2026-08-13 12:04:55,249 [INFO] ✔ NOTICIA GUARDADA: [Chica Noticias] ¡Carreteras de luto! Dos muertos y más de 10 herid... | Lugar: Montería (Sector sin especificar)
2026-08-13 12:04:55,258 [INFO] ✔ NOTICIA GUARDADA: [Eluniversal.com.co] 4 muertos y 13 heridos dejó fuerte choque entre bu... | Lugar: Montería (Sector sin especificar)
2026-08-13 12:04:55,265 [INFO] ✔ NOTICIA GUARDADA: [Chica Noticias] Cuatro muertos y decenas de heridos dejó accidente... | Lugar: Planeta Rica, vía Montería
2026-08-13 12:04:55,272 [INFO] ✔ NOTICIA GUARDADA: [Chica Noticias] Se conocen más detalles del accidente que involucr... | Lugar: Montería (Sector sin especificar)
2026-08-13 12:04:55,280 [INFO] ✔ NOTICIA GUARDADA: [rionoticias.co] Trágico accidente en Montelíbano deja un fallecido... | Lugar: Montelíbano
2026-08-13 12:04:55,287 [INFO] ✔ NOTICIA GUARDADA: [Eluniversal.com.co] Quedó en libertad conductor ebrio que dejó 2 muert... | Lugar: Montería (Sector sin especificar)
2026-08-13 12:04:55,293 [INFO] ✔ NOTICIA GUARDADA: [El Piñero, Periodismo y Debate.] Tragedia en la Córdoba-Veracruz; un muerto y cinco... | Lugar: Montería (Sector sin especificar)
2026-08-13 12:04:57,294 [INFO] Iniciando scraping vía RSS Google News para: 'accidente motocicleta Cereté Monteria'
2026-08-13 12:04:59,769 [INFO] Items encontrados en RSS para 'accidente motocicleta Cereté Monteria': 42
2026-08-13 12:04:59,828 [INFO] ✔ NOTICIA GUARDADA: [El Meridiano] Joven perdió la vida en un accidente de tránsito e... | Lugar: Cereté
2026-08-13 12:04:59,856 [INFO] ✔ NOTICIA GUARDADA: [ELHERALDO.CO] Una odontóloga y una enfermera mueren en un accide... | Lugar: Cereté
2026-08-13 12:04:59,865 [INFO] ✔ NOTICIA GUARDADA: [larazon.co] Tragedia en la vía Montería-Cereté: médico perdió ... | Lugar: vía Montería, Cereté
2026-08-13 12:04:59,875 [INFO] ✔ NOTICIA GUARDADA: [ELHERALDO.CO] Pareja de esposos murió en un accidente en la vía ... | Lugar: Ciénaga de Oro, vía Ciénaga de Oro, Cereté
2026-08-13 12:04:59,889 [INFO] ✔ NOTICIA GUARDADA: [larazon.co] Trágico accidente se cobra la vida de un joven en ... | Lugar: vía Montería, Cereté
2026-08-13 12:04:59,897 [INFO] ✔ NOTICIA GUARDADA: [larazon.co] A una impudencia atribuyen autoridades el fatal ac... | Lugar: Cereté
2026-08-13 12:04:59,906 [INFO] ✔ NOTICIA GUARDADA: [larazon.co] Fallece joven luego de varios días en UCI, tras ac... | Lugar: Montería (Sector sin especificar)
2026-08-13 12:04:59,915 [INFO] ✔ NOTICIA GUARDADA: [larazon.co] Menor de 6 años es la única sobreviviente del acci... | Lugar: Ciénaga de Oro, Cereté
2026-08-13 12:04:59,924 [INFO] ✔ NOTICIA GUARDADA: [larazon.co] Un muerto y dos heridos graves al chocar contra un... | Lugar: vía Cereté, Cereté
2026-08-13 12:04:59,930 [INFO] ✔ NOTICIA GUARDADA: [larazon.co] Semana Santa terminó en tragedia en Cereté: Un mue... | Lugar: Cereté
2026-08-13 12:04:59,938 [INFO] ✔ NOTICIA GUARDADA: [larazon.co] Accidente de tránsito deja una persona herida, fre... | Lugar: Montería (Sector sin especificar)
2026-08-13 12:04:59,949 [INFO] ✔ NOTICIA GUARDADA: [Chica Noticias] Brayan David Ávila permanece en UCI tras accidente... | Lugar: Cereté
2026-08-13 12:04:59,959 [INFO] ✔ NOTICIA GUARDADA: [Chica Noticias] Falleció motociclista tras accidente en la vía Cer... | Lugar: vía Cereté, Cereté
2026-08-13 12:04:59,965 [INFO] ✔ NOTICIA GUARDADA: [Chica Noticias] Tragedia en la vía Montería–Cereté: joven madre fa... | Lugar: vía Montería, Cereté
2026-08-13 12:04:59,976 [INFO] ✔ NOTICIA GUARDADA: [Chica Noticias] Banderillero resultó gravemente herido en accident... | Lugar: vía Montería, Cereté
2026-08-13 12:04:59,984 [INFO] ✔ NOTICIA GUARDADA: [rionoticias.co] Accidente en Ciénaga de Oro–Cereté deja herido y c... | Lugar: Ciénaga de Oro, Cereté
2026-08-13 12:04:59,992 [INFO] ✔ NOTICIA GUARDADA: [rionoticias.co] Dos personas heridas dejan accidente en la vía Cer... | Lugar: vía Cereté, Ciénaga de Oro, Cereté
2026-08-13 12:04:59,998 [INFO] ✔ NOTICIA GUARDADA: [Chica Noticias] ¡LUTO EN EL FÚTBOL DE CERETÉ! Falleció el árbitro ... | Lugar: Cereté
2026-08-13 12:05:00,005 [INFO] ✔ NOTICIA GUARDADA: [Chica Noticias] Fuerte choque en puente de Mateo Gómez genera alar... | Lugar: vía Montería, Cereté
2026-08-13 12:05:00,012 [INFO] ✔ NOTICIA GUARDADA: [Chica Noticias] Joven perdió la vida en accidente en la vía Monter... | Lugar: vía Montería, Cereté
2026-08-13 12:05:00,022 [INFO] ✔ NOTICIA GUARDADA: [Chica Noticias] Identifican a las víctimas de trágico accidente en... | Lugar: Ciénaga de Oro, Cereté
2026-08-13 12:05:00,032 [INFO] ✔ NOTICIA GUARDADA: [Chica Noticias] ¡NO FUE EN LA AUTOPISTA! Árbitro de Cereté falleci... | Lugar: Leticia, vía del barrio Leticia, Cereté
2026-08-13 12:05:00,039 [INFO] ✔ NOTICIA GUARDADA: [Chica Noticias] ¡Luto en Cereté! Falleció la Odontologa Lina Páez ... | Lugar: Cereté
2026-08-13 12:05:00,046 [INFO] ✔ NOTICIA GUARDADA: [Diario La Libertad] Protestan en Fiscalía de Cereté por muerte de tres... | Lugar: Ciénaga de Oro, Cereté
2026-08-13 12:05:00,052 [INFO] ✔ NOTICIA GUARDADA: [Chica Noticias] Accidente de tránsito dejó un adulto y un niño her... | Lugar: Montería (Sector sin especificar)
2026-08-13 12:05:00,059 [INFO] ✔ NOTICIA GUARDADA: [rionoticias.co] Carlos, el médico que perdió la vida en vías de Có... | Lugar: Montería (Sector sin especificar)
2026-08-13 12:05:02,060 [INFO] Iniciando scraping vía RSS Google News para: 'accidente avenida circunvalar Monteria'
2026-08-13 12:05:04,537 [INFO] Items encontrados en RSS para 'accidente avenida circunvalar Monteria': 18
2026-08-13 12:05:04,588 [INFO] ✔ NOTICIA GUARDADA: [Diario del Norte] Joven wayuu fallece tras accidente de tránsito en ... | Lugar: Avenida Circunvalar
2026-08-13 12:05:04,605 [INFO] ✔ NOTICIA GUARDADA: [larazon.co] Accidente de motos en la circunvalar deja varios h... | Lugar: Montería (Sector sin especificar)
2026-08-13 12:05:04,618 [INFO] ✔ NOTICIA GUARDADA: [Caracol Radio] Un accidente cobró la vida de un ciclista en el Dí... | Lugar: Montería (Sector sin especificar)
2026-08-13 12:05:04,628 [INFO] ✔ NOTICIA GUARDADA: [ELHERALDO.CO] Montería: joven motociclista murió en la Avenida C... | Lugar: Avenida Circunvalar
2026-08-13 12:05:04,637 [INFO] ✔ NOTICIA GUARDADA: [Aldia.co] Murió joven tras grave siniestro vial en la Circun... | Lugar: Montería (Sector sin especificar)
2026-08-13 12:05:04,649 [INFO] ✔ NOTICIA GUARDADA: [El Tiempo] Video capta el momento exacto del brutal choque en... | Lugar: Montería (Sector sin especificar)
2026-08-13 12:05:04,659 [INFO] ✔ NOTICIA GUARDADA: [larazon.co] La Popó sufre grave accidente vial sobre la AV. Ci... | Lugar: Montería (Sector sin especificar)
2026-08-13 12:05:04,669 [INFO] ✔ NOTICIA GUARDADA: [facebook.com] #Video | “Se quedó, como un caballero”: Pablo Mont... | Lugar: Montería (Sector sin especificar)
2026-08-13 12:05:04,679 [INFO] ✔ NOTICIA GUARDADA: [ELHERALDO.CO] Barranquilla: grave accidente de tránsito en la Ci... | Lugar: Montería (Sector sin especificar)
2026-08-13 12:05:04,687 [INFO] ✔ NOTICIA GUARDADA: [emisoraatlantico.com.co] En accidente de tránsito en la Circunvalar, muere ... | Lugar: Montería (Sector sin especificar)
2026-08-13 12:05:04,694 [INFO] ✔ NOTICIA GUARDADA: [Aldia.co] Dos heridos tras violento choque entre moto y taxi... | Lugar: Montería (Sector sin especificar)
2026-08-13 12:05:04,702 [INFO] ✔ NOTICIA GUARDADA: [ELHERALDO.CO] Incendio consumió el almacén de Colchones Imperial... | Lugar: Montería (Sector sin especificar)
2026-08-13 12:05:04,710 [INFO] ✔ NOTICIA GUARDADA: [emisoraatlantico.com.co] Hombre sin identificar muere en accidente de tráns... | Lugar: Montería (Sector sin especificar)
2026-08-13 12:05:04,718 [INFO] ✔ NOTICIA GUARDADA: [ELHERALDO.CO] Alertan sobre cierres viales este domingo 22 de ma... | Lugar: Montería (Sector sin especificar)
2026-08-13 12:05:04,724 [INFO] ✔ NOTICIA GUARDADA: [Chica Noticias] Mujer resultó herida en aparatoso accidente frente... | Lugar: Montería (Sector sin especificar)
2026-08-13 12:05:04,731 [INFO] ✔ NOTICIA GUARDADA: [rionoticias.co] Barrio Vallejo de Montería estrena ruta de buses -... | Lugar: Montería (Sector sin especificar)
2026-08-13 12:05:04,739 [INFO] ✔ NOTICIA GUARDADA: [Chica Noticias] Identifican a motociclista que chocó contra un árb... | Lugar: Montería (Sector sin especificar)
2026-08-13 12:05:04,746 [INFO] ✔ NOTICIA GUARDADA: [rionoticias.co] En estos puntos se instalarán las cámaras de fotom... | Lugar: Montería (Sector sin especificar)
2026-08-13 12:05:06,747 [INFO] Iniciando scraping vía RSS Google News para: 'accidente El Meridiano Cordoba'
2026-08-13 12:05:09,341 [INFO] Items encontrados en RSS para 'accidente El Meridiano Cordoba': 53
2026-08-13 12:05:09,375 [INFO] ✔ NOTICIA GUARDADA: [El Meridiano] Dos accidentes se registran en Córdoba - El Meridi... | Lugar: Montería (Sector sin especificar)
2026-08-13 12:05:09,391 [INFO] ✔ NOTICIA GUARDADA: [El Meridiano] Cordobés murió en accidente - El Meridiano... | Lugar: Montería (Sector sin especificar)
2026-08-13 12:05:09,401 [INFO] ✔ NOTICIA GUARDADA: [El Meridiano] Córdoba suma 141 muertes este año por accidentes -... | Lugar: Montería (Sector sin especificar)
2026-08-13 12:05:09,411 [INFO] ✔ NOTICIA GUARDADA: [El Meridiano] Policía cordobés murió en accidente - El Meridiano... | Lugar: Montería (Sector sin especificar)
2026-08-13 12:05:09,422 [INFO] ✔ NOTICIA GUARDADA: [El Meridiano] Murieron en accidente - El Meridiano... | Lugar: Montería (Sector sin especificar)
2026-08-13 12:05:09,433 [INFO] ✔ NOTICIA GUARDADA: [El Meridiano] Un accidente vial le quitó la vida - El Meridiano... | Lugar: Montería (Sector sin especificar)
2026-08-13 12:05:09,443 [INFO] ✔ NOTICIA GUARDADA: [El Meridiano] Aparatoso accidente - El Meridiano... | Lugar: Montería (Sector sin especificar)
2026-08-13 12:05:09,451 [INFO] ✔ NOTICIA GUARDADA: [El Meridiano] Otra víctima de los accidentes - El Meridiano... | Lugar: Montería (Sector sin especificar)
2026-08-13 12:05:09,460 [INFO] ✔ NOTICIA GUARDADA: [El Meridiano] Un bus lo embistió, no sobrevivió - El Meridiano... | Lugar: Montería (Sector sin especificar)
2026-08-13 12:05:09,469 [INFO] ✔ NOTICIA GUARDADA: [El Meridiano] Tragedias enlutan a dos familias cordobesas - El M... | Lugar: Montería (Sector sin especificar)
2026-08-13 12:05:09,476 [INFO] ✔ NOTICIA GUARDADA: [El Meridiano] Fatal accidente: Un muerto y dos heridos - El Meri... | Lugar: Montería (Sector sin especificar)
2026-08-13 12:05:09,484 [INFO] ✔ NOTICIA GUARDADA: [El Meridiano] Juliana, tercera víctima del accidente - El Meridi... | Lugar: Montería (Sector sin especificar)
2026-08-13 12:05:09,490 [INFO] ✔ NOTICIA GUARDADA: [El Meridiano] Tragedia en San Antero: Hermanos fallecieron en ac... | Lugar: Montería (Sector sin especificar)
2026-08-13 12:05:09,498 [INFO] ✔ NOTICIA GUARDADA: [El Meridiano] Un muerto y dos heridos deja accidente - El Meridi... | Lugar: Montería (Sector sin especificar)
2026-08-13 12:05:09,504 [INFO] ✔ NOTICIA GUARDADA: [El Meridiano] Pareja que viajaba a Coveñas murió en accidente en... | Lugar: Montería (Sector sin especificar)
2026-08-13 12:05:09,511 [INFO] ✔ NOTICIA GUARDADA: [El Meridiano] Las joyas de Yeison Jiménez, testigos mudos del ac... | Lugar: Montería (Sector sin especificar)
2026-08-13 12:05:09,521 [INFO] ✔ NOTICIA GUARDADA: [El Meridiano] Otra familia de luto por los accidentes - El Merid... | Lugar: Montería (Sector sin especificar)
2026-08-13 12:05:09,530 [INFO] ✔ NOTICIA GUARDADA: [El Meridiano] Accidentes en Córdoba están a la orden del día - E... | Lugar: Montería (Sector sin especificar)
2026-08-13 12:05:09,538 [INFO] ✔ NOTICIA GUARDADA: [El Meridiano] Conductor del accidente en Engativá habría abandon... | Lugar: Montería (Sector sin especificar)
2026-08-13 12:05:09,545 [INFO] ✔ NOTICIA GUARDADA: [El Meridiano] Aparatoso accidente en Lorica - El Meridiano... | Lugar: Lorica
2026-08-13 12:05:09,554 [INFO] ✔ NOTICIA GUARDADA: [El Meridiano] Un profesor y un joven murieron en accidentes - El... | Lugar: Montería (Sector sin especificar)
2026-08-13 12:05:09,561 [INFO] ✔ NOTICIA GUARDADA: [El Meridiano] Un muerto y cinco heridos deja grave accidente - E... | Lugar: Montería (Sector sin especificar)
2026-08-13 12:05:09,569 [INFO] ✔ NOTICIA GUARDADA: [El Meridiano] Dos muertos dejó accidente en Chinú - El Meridiano... | Lugar: Montería (Sector sin especificar)
2026-08-13 12:05:09,576 [INFO] ✔ NOTICIA GUARDADA: [El Meridiano] Grave accidente, se chocaron de frente - El Meridi... | Lugar: Montería (Sector sin especificar)
2026-08-13 12:05:09,583 [INFO] ✔ NOTICIA GUARDADA: [El Meridiano] Tragedia en Antioquia: Accidente de bus escolar má... | Lugar: Montería (Sector sin especificar)
2026-08-13 12:05:09,590 [INFO] ✔ NOTICIA GUARDADA: [El Meridiano] Cordobesa murió en accidente - El Meridiano... | Lugar: Montería (Sector sin especificar)
2026-08-13 12:05:09,596 [INFO] ✔ NOTICIA GUARDADA: [El Meridiano] Dos personas heridas en accidente - El Meridiano... | Lugar: Montería (Sector sin especificar)
2026-08-13 12:05:09,603 [INFO] ✔ NOTICIA GUARDADA: [El Meridiano] Artista Zion fue hospitalizado tras grave accident... | Lugar: Montería (Sector sin especificar)
2026-08-13 12:05:09,610 [INFO] ✔ NOTICIA GUARDADA: [El Meridiano] Revelan causas del accidente de Diogo Jota - El Me... | Lugar: Montería (Sector sin especificar)
2026-08-13 12:05:09,616 [INFO] ✔ NOTICIA GUARDADA: [El Meridiano] Un muerto y un herido tras accidente en Cereté - E... | Lugar: Cereté
2026-08-13 12:05:09,625 [INFO] ✔ NOTICIA GUARDADA: [El Meridiano] Ya son 91 lo muertos por accidentes - El Meridiano... | Lugar: Montería (Sector sin especificar)
2026-08-13 12:05:09,631 [INFO] ✔ NOTICIA GUARDADA: [El Meridiano] Dos víctimas de accidentes - El Meridiano... | Lugar: Montería (Sector sin especificar)
2026-08-13 12:05:09,637 [INFO] ✔ NOTICIA GUARDADA: [El Meridiano] Accidente en Buenavista deja una persona muerta - ... | Lugar: Montería (Sector sin especificar)
2026-08-13 12:05:09,643 [INFO] ✔ NOTICIA GUARDADA: [El Meridiano] Accidente dejó dos víctimas mortales en Sahagún - ... | Lugar: Sahagún
2026-08-13 12:05:09,652 [INFO] ✔ NOTICIA GUARDADA: [El Meridiano] Tres heridos dejó accidente en la vía La Apartada ... | Lugar: vía La Apartada, Montelíbano
2026-08-13 12:05:09,658 [INFO] ✔ NOTICIA GUARDADA: [El Meridiano] Tragedia en Chinú: accidente dejó cuatro muertos -... | Lugar: Montería (Sector sin especificar)
2026-08-13 12:05:09,664 [INFO] ✔ NOTICIA GUARDADA: [El Meridiano] Hombre falleció en accidente de tránsito en Montel... | Lugar: Montelíbano
2026-08-13 12:05:09,670 [INFO] ✔ NOTICIA GUARDADA: [El Meridiano] Un muerto y un herido dejo accidente en la vía Pla... | Lugar: Planeta Rica, vía Planeta Rica
2026-08-13 12:05:09,677 [INFO] ✔ NOTICIA GUARDADA: [El Meridiano] Un muerto dejó grave accidente de transito en Saha... | Lugar: Sahagún
2026-08-13 12:05:09,683 [INFO] ✔ NOTICIA GUARDADA: [El Meridiano] Identifican a mujer muerta en accidente - El Merid... | Lugar: Montería (Sector sin especificar)
2026-08-13 12:05:09,689 [INFO] ✔ NOTICIA GUARDADA: [El Meridiano] Tragedia en vía de Córdoba: un muerto dejó acciden... | Lugar: vía de Córdoba
2026-08-13 12:05:09,695 [INFO] ✔ NOTICIA GUARDADA: [El Meridiano] Se accidentó el 'Chico Bailarín' de Urbaser - El M... | Lugar: Montería (Sector sin especificar)
2026-08-13 12:05:09,700 [INFO] ✔ NOTICIA GUARDADA: [El Meridiano] JJ Bertel sufrió un accidente - El Meridiano... | Lugar: Montería (Sector sin especificar)
2026-08-13 12:05:09,706 [INFO] ✔ NOTICIA GUARDADA: [El Meridiano] Grave accidente en la vía Ciénaga de Oro - El Meri... | Lugar: Ciénaga de Oro, vía Ciénaga de Oro
2026-08-13 12:05:09,712 [INFO] ✔ NOTICIA GUARDADA: [El Meridiano] Grave accidente de tránsito en la vía que conduce ... | Lugar: Lorica, vía que conduce al
2026-08-13 12:05:09,719 [INFO] ✔ NOTICIA GUARDADA: [El Meridiano] Cuatro muertos en accidente en la Troncal del Cari... | Lugar: Troncal del Caribe
2026-08-13 12:05:11,719 [INFO] Iniciando scraping vía RSS Google News para: 'accidente Chica Noticias Monteria'
2026-08-13 12:05:14,273 [INFO] Items encontrados en RSS para 'accidente Chica Noticias Monteria': 52
2026-08-13 12:05:14,284 [INFO] ✔ NOTICIA GUARDADA: [Chica Noticias] De un choque a los golpes: tremenda pelea se armó ... | Lugar: Montería (Sector sin especificar)
2026-08-13 12:05:14,309 [INFO] ✔ NOTICIA GUARDADA: [Chica Noticias] Falleció adolescente herido tras accidente de moto... | Lugar: Montería (Sector sin especificar)
2026-08-13 12:05:14,318 [INFO] ✔ NOTICIA GUARDADA: [Chica Noticias] ¡TRAGEDIA EN LA VÍA MONTERÍA–ARBOLETES! Comerciant... | Lugar: Montería (Sector sin especificar)
2026-08-13 12:05:14,328 [INFO] ✔ NOTICIA GUARDADA: [Chica Noticias] ¡Tragedia!Joven perdió la vida tras accidente en A... | Lugar: Montería (Sector sin especificar)
2026-08-13 12:05:14,346 [INFO] ✔ NOTICIA GUARDADA: [Chica Noticias] Hombre falleció tras grave accidente de tránsito e... | Lugar: Montería (Sector sin especificar)
2026-08-13 12:05:14,353 [INFO] ✔ NOTICIA GUARDADA: [Chica Noticias] Joven queda gravemente herido tras caer del puente... | Lugar: Montería (Sector sin especificar)
2026-08-13 12:05:14,361 [INFO] ✔ NOTICIA GUARDADA: [Chica Noticias] Accidente entre Buenavista y La Apartada deja una ... | Lugar: Montería (Sector sin especificar)
2026-08-13 12:05:14,371 [INFO] ✔ NOTICIA GUARDADA: [Chica Noticias] Accidente en la vía Tierralta- Montería deja miles... | Lugar: Tierralta, vía Tierralta
2026-08-13 12:05:14,380 [INFO] ✔ NOTICIA GUARDADA: [Chica Noticias] Nuevo accidente sacude la doble calzada Montería–L... | Lugar: Lorica
2026-08-13 12:05:14,388 [INFO] ✔ NOTICIA GUARDADA: [Chica Noticias] Grave accidente deja a un hombre herido en plena v... | Lugar: Montería (Sector sin especificar)
2026-08-13 12:05:14,396 [INFO] ✔ NOTICIA GUARDADA: [Chica Noticias] Fallece líder comunitario en accidente de tránsito... | Lugar: Montelíbano, vía Puerto Libertador
2026-08-13 12:05:14,404 [INFO] ✔ NOTICIA GUARDADA: [Chica Noticias] Adulto mayor perdió la vida tras accidente en Vale... | Lugar: Montería (Sector sin especificar)
2026-08-13 12:05:14,416 [INFO] ✔ NOTICIA GUARDADA: [Chica Noticias] Falleció en Montería joven de Magangué tras accide... | Lugar: Montería (Sector sin especificar)
2026-08-13 12:05:14,423 [INFO] ✔ NOTICIA GUARDADA: [Chica Noticias] Identifican a las víctimas del fatal accidente en ... | Lugar: Planeta Rica, Vía a Planeta Rica, vía a Planeta Rica
2026-08-13 12:05:14,428 [INFO] ✔ NOTICIA GUARDADA: [Chica Noticias] ¿Cómo sigue la salud del Chico Bailarín? - Chica N... | Lugar: Montería (Sector sin especificar)
2026-08-13 12:05:14,435 [INFO] ✔ NOTICIA GUARDADA: [Chica Noticias] Trágico accidente en la vía Lorica–Montería deja u... | Lugar: vía Lorica, Lorica
2026-08-13 12:05:14,442 [INFO] ✔ NOTICIA GUARDADA: [Chica Noticias] Accidente en la calle 41 y la ambulancia 🚑 llegó e... | Lugar: calle 41 y la ambulancia, Calle 41
2026-08-13 12:05:14,449 [INFO] ✔ NOTICIA GUARDADA: [Chica Noticias] Racha de accidentes de tránsito en Montería - Chic... | Lugar: Montería (Sector sin especificar)
2026-08-13 12:05:14,455 [INFO] ✔ NOTICIA GUARDADA: [Chica Noticias] Tragedia en la vía Tierralta-Montería: fallecen do... | Lugar: Tierralta, vía Tierralta
2026-08-13 12:05:14,462 [INFO] ✔ NOTICIA GUARDADA: [Chica Noticias] Accidente de tránsito cobró la vida de una mujer e... | Lugar: Montería (Sector sin especificar)
2026-08-13 12:05:14,468 [INFO] ✔ NOTICIA GUARDADA: [Chica Noticias] Identifican a universitaria que falleció en accide... | Lugar: Montería (Sector sin especificar)
2026-08-13 12:05:14,474 [INFO] ✔ NOTICIA GUARDADA: [Chica Noticias] Un muerto deja otro accidente en Moñitos - Chica N... | Lugar: Montería (Sector sin especificar)
2026-08-13 12:05:14,481 [INFO] ✔ NOTICIA GUARDADA: [Chica Noticias] Accidente de tránsito en Montería: joven resultó h... | Lugar: Montería (Sector sin especificar)
2026-08-13 12:05:14,487 [INFO] ✔ NOTICIA GUARDADA: [Chica Noticias] Activista LGBTI falleció en accidente de tránsito ... | Lugar: Montería (Sector sin especificar)
2026-08-13 12:05:14,492 [INFO] ✔ NOTICIA GUARDADA: [Chica Noticias] Vigilante murió tras accidente en Puerto Libertado... | Lugar: Montería (Sector sin especificar)
2026-08-13 12:05:14,501 [INFO] ✔ NOTICIA GUARDADA: [Chica Noticias] Otra víctima deja accidente en la vía Cereté – San... | Lugar: vía Cereté, Cereté
2026-08-13 12:05:16,502 [INFO] Iniciando scraping vía RSS Google News para: 'accidente El Propio Cordoba'
2026-08-13 12:05:19,322 [INFO] Items encontrados en RSS para 'accidente El Propio Cordoba': 81
2026-08-13 12:05:19,371 [INFO] ✔ NOTICIA GUARDADA: [El Tiempo] Mujer fue atropellada por su propio carro tras olv... | Lugar: Montería (Sector sin especificar)
2026-08-13 12:05:19,387 [INFO] ✔ NOTICIA GUARDADA: [Cadena 3 Argentina] Un hombre murió tras un fuerte choque entre Coloni... | Lugar: Montería (Sector sin especificar)
2026-08-13 12:05:19,397 [INFO] ✔ NOTICIA GUARDADA: [Infobae] Tragedia en Córdoba: un carnicero murió por una de... | Lugar: Montería (Sector sin especificar)
2026-08-13 12:05:19,410 [INFO] ✔ NOTICIA GUARDADA: [EL PAÍS] La jueza del caso Adamuz reprende a Adif por extra... | Lugar: Montería (Sector sin especificar)
2026-08-13 12:05:19,421 [INFO] ✔ NOTICIA GUARDADA: [ABC] El accidente del 'flecha roja' en Córdoba frena la... | Lugar: Montería (Sector sin especificar)
2026-08-13 12:05:19,430 [INFO] ✔ NOTICIA GUARDADA: [Uco | Universidad de Córdoba] Actualidad Universitaria - La comunidad universita... | Lugar: Montería (Sector sin especificar)
2026-08-13 12:05:19,441 [INFO] ✔ NOTICIA GUARDADA: [La Vanguardia] Una niña de seis años que logró salir sola del Alv... | Lugar: Montería (Sector sin especificar)
2026-08-13 12:05:19,452 [INFO] ✔ NOTICIA GUARDADA: [El Periódico] Accidente de tren en Adamuz (Córdoba): qué sabemos... | Lugar: Montería (Sector sin especificar)
2026-08-13 12:05:19,463 [INFO] ✔ NOTICIA GUARDADA: [LaSexta] El maquinista de Iryo como testigo principal y las... | Lugar: Montería (Sector sin especificar)
2026-08-13 12:05:19,471 [INFO] ✔ NOTICIA GUARDADA: [Vía País] Tragedia en Córdoba: un hombre murió aplastado por... | Lugar: Montería (Sector sin especificar)
2026-08-13 12:05:19,480 [INFO] ✔ NOTICIA GUARDADA: [Onda Cero] El accidente de Córdoba, el cuarto siniestro ferro... | Lugar: Montería (Sector sin especificar)
2026-08-13 12:05:19,488 [INFO] ✔ NOTICIA GUARDADA: [El Confidencial] Adamuz, el pueblo de Córdoba que se ha volcado con... | Lugar: Montería (Sector sin especificar)
2026-08-13 12:05:19,497 [INFO] ✔ NOTICIA GUARDADA: [antena3.com] Juanma Moreno (PP) advierte que ascenderá el númer... | Lugar: Montería (Sector sin especificar)
2026-08-13 12:05:19,504 [INFO] ✔ NOTICIA GUARDADA: [Infobae] Accidente en Chubut: una mujer fue atropellada por... | Lugar: Montería (Sector sin especificar)
2026-08-13 12:05:19,512 [INFO] ✔ NOTICIA GUARDADA: [La Vanguardia] La Guardia Civil distribuye imágenes del trágico a... | Lugar: Montería (Sector sin especificar)
2026-08-13 12:05:19,520 [INFO] ✔ NOTICIA GUARDADA: [Infobae] Fin de semana trágico en Córdoba: tres personas mu... | Lugar: Montería (Sector sin especificar)
2026-08-13 12:05:19,528 [INFO] ✔ NOTICIA GUARDADA: [Infobae] Un joven perdió el control del auto, volcó y murió... | Lugar: Montería (Sector sin especificar)
2026-08-13 12:05:19,536 [INFO] ✔ NOTICIA GUARDADA: [TN] Tragedia en Córdoba: un hombre murió aplastado por... | Lugar: Montería (Sector sin especificar)
2026-08-13 12:05:19,543 [INFO] ✔ NOTICIA GUARDADA: [Cba24n] Tragedia en el interior de Córdoba: un hombre perd... | Lugar: Montería (Sector sin especificar)
2026-08-13 12:05:19,552 [INFO] ✔ NOTICIA GUARDADA: [Infobae] Córdoba: cómo siguen los jóvenes internados tras e... | Lugar: Montería (Sector sin especificar)
2026-08-13 12:05:19,559 [INFO] ✔ NOTICIA GUARDADA: [COPE] Muere un motorista en un accidente de tráfico en M... | Lugar: Montería (Sector sin especificar)
2026-08-13 12:05:19,567 [INFO] ✔ NOTICIA GUARDADA: [Telefe Córdoba] Dramático accidente: intentaba revisar la batería ... | Lugar: Montería (Sector sin especificar)
2026-08-13 12:05:19,575 [INFO] ✔ NOTICIA GUARDADA: [Cadena SER] Así ha sido la noche en Adamuz: vecinos conmociona... | Lugar: Montería (Sector sin especificar)
2026-08-13 12:05:19,583 [INFO] ✔ NOTICIA GUARDADA: [a24.com] Insólito accidente: se bajó del auto, olvidó un de... | Lugar: Montería (Sector sin especificar)
2026-08-13 12:05:19,590 [INFO] ✔ NOTICIA GUARDADA: [maldita.es] Bulos, desinformaciones y contexto sobre el accide... | Lugar: Montería (Sector sin especificar)
2026-08-13 12:05:19,599 [INFO] ✔ NOTICIA GUARDADA: [elespanol.com] Un órgano del propio Gobierno investiga el choque ... | Lugar: Montería (Sector sin especificar)
2026-08-13 12:05:19,607 [INFO] ✔ NOTICIA GUARDADA: [antena3.com] El mensaje de Diego Capel tras verse afectado por ... | Lugar: Montería (Sector sin especificar)
2026-08-13 12:05:19,615 [INFO] ✔ NOTICIA GUARDADA: [La Gaceta] Susto para Frank Kudelka en Rosario: el DT de Newe... | Lugar: Montería (Sector sin especificar)
2026-08-13 12:05:19,623 [INFO] ✔ NOTICIA GUARDADA: [lavoz.com.ar] Inseguridad vial. En 2025, casi un muerto por día ... | Lugar: Montería (Sector sin especificar)
2026-08-13 12:05:19,629 [INFO] ✔ NOTICIA GUARDADA: [COPE] "El de Adamuz es el accidente más grave en los 34 ... | Lugar: Montería (Sector sin especificar)
2026-08-13 12:05:19,638 [INFO] ✔ NOTICIA GUARDADA: [Diario de Sevilla] El testimonio de Gonzalo Sánchez, el vecino de Ada... | Lugar: Montería (Sector sin especificar)
2026-08-13 12:05:19,645 [INFO] ✔ NOTICIA GUARDADA: [Xataka] Ya tenemos la primera consecuencia drástica del ac... | Lugar: Montería (Sector sin especificar)
2026-08-13 12:05:19,653 [INFO] ✔ NOTICIA GUARDADA: [ElDoce.tv] Arreglaba su auto en la cochera, se le cayó encima... | Lugar: Montería (Sector sin especificar)
2026-08-13 12:05:19,661 [INFO] ✔ NOTICIA GUARDADA: [El Litoral] Murió un joven al volcar su auto en Córdoba: inves... | Lugar: Montería (Sector sin especificar)
2026-08-13 12:05:19,669 [INFO] ✔ NOTICIA GUARDADA: [Cadena 3 Argentina] Violento choque de un auto contra un árbol en Córd... | Lugar: Montería (Sector sin especificar)
2026-08-13 12:05:19,675 [INFO] ✔ NOTICIA GUARDADA: [La Rioja] Una logroñesa en el accidente de Córdoba: «De repe... | Lugar: Montería (Sector sin especificar)
2026-08-13 12:05:19,681 [INFO] ✔ NOTICIA GUARDADA: [eldiariocantabria.es] Tres días de luto oficial en España por el acciden... | Lugar: Montería (Sector sin especificar)
2026-08-13 12:05:19,687 [INFO] ✔ NOTICIA GUARDADA: [LOS40] La reacción de Vanesa Martin al accidente de tren ... | Lugar: Montería (Sector sin especificar)
2026-08-13 12:05:19,693 [INFO] ✔ NOTICIA GUARDADA: [Hoy Día Córdoba] Choque múltiple y vuelco en pleno centro de Córdob... | Lugar: Centro
2026-08-13 12:05:19,699 [INFO] ✔ NOTICIA GUARDADA: [Cadena 3 Argentina] Grave accidente en el centro de Córdoba: hay cuatr... | Lugar: Centro
2026-08-13 12:05:19,707 [INFO] ✔ NOTICIA GUARDADA: [Infobae] Iván Marín, capitán del CD Avejoe Adamuz y uno de ... | Lugar: Montería (Sector sin especificar)
2026-08-13 12:05:19,713 [INFO] ✔ NOTICIA GUARDADA: [eltrecetv] Trágico accidente en Villa Crespo: dos motociclist... | Lugar: Montería (Sector sin especificar)
2026-08-13 12:05:19,719 [INFO] ✔ NOTICIA GUARDADA: [W Radio México] Video del descarrilamiento en España: así se vivió... | Lugar: Montería (Sector sin especificar)
2026-08-13 12:05:19,726 [INFO] ✔ NOTICIA GUARDADA: [Infobae] Santa Fe: un camión que cargaba vacas volcó y los ... | Lugar: Montería (Sector sin especificar)
2026-08-13 12:05:19,732 [INFO] ✔ NOTICIA GUARDADA: [Infobae] Rafael, Óscar, María...: los rostros de la tragedi... | Lugar: Montería (Sector sin especificar)
2026-08-13 12:05:19,739 [INFO] ✔ NOTICIA GUARDADA: [EL PAÍS] El primer informe de la Guardia Civil sobre Adamuz... | Lugar: Montería (Sector sin especificar)
2026-08-13 12:05:19,745 [INFO] ✔ NOTICIA GUARDADA: [antena3.com] Lourdes Fernández, sobre los números del accidente... | Lugar: Montería (Sector sin especificar)
2026-08-13 12:05:19,751 [INFO] ✔ NOTICIA GUARDADA: [Xataka] 20 segundos y un sistema de seguridad a punto de j... | Lugar: Montería (Sector sin especificar)
2026-08-13 12:05:19,757 [INFO] ✔ NOTICIA GUARDADA: [RTVE.es] Seguros, indemnizaciones y permisos laborales: guí... | Lugar: Montería (Sector sin especificar)
2026-08-13 12:05:19,762 [INFO] ✔ NOTICIA GUARDADA: [RTVE.es] Adamuz: un fallo en la soldadura del carril, la pr... | Lugar: Montería (Sector sin especificar)
2026-08-13 12:05:19,768 [INFO] ✔ NOTICIA GUARDADA: [RTVE.es] Resumen del accidente de tren en Córdoba del 19 de... | Lugar: Montería (Sector sin especificar)
2026-08-13 12:05:19,774 [INFO] ✔ NOTICIA GUARDADA: [RTVE.es] Resumen de los accidentes de tren en Adamuz y Roda... | Lugar: Montería (Sector sin especificar)
2026-08-13 12:05:19,781 [INFO] ✔ NOTICIA GUARDADA: [COPE] Un experto valenciano sobre el accidente de tren e... | Lugar: Montería (Sector sin especificar)
2026-08-13 12:05:19,787 [INFO] ✔ NOTICIA GUARDADA: [Lecturas] Última hora sobre el accidente de tren en Córdoba:... | Lugar: Montería (Sector sin especificar)
2026-08-13 12:05:19,793 [INFO] ✔ NOTICIA GUARDADA: [La Luna del Henares] Minuto de silencio en el Corredor del Henares por ... | Lugar: Montería (Sector sin especificar)
2026-08-13 12:05:19,800 [INFO] ✔ NOTICIA GUARDADA: [El Salto] Un mes tras el accidente ferroviario de Adamuz: he... | Lugar: Montería (Sector sin especificar)
2026-08-13 12:05:19,806 [INFO] ✔ NOTICIA GUARDADA: [Cadena SER] La primera señal de que la vía de Adamuz se había ... | Lugar: vía de Adamuz se había
2026-08-13 12:05:19,812 [INFO] ✔ NOTICIA GUARDADA: [Diario Córdoba] Fallece un motorista en un accidente de tráfico en... | Lugar: Montería (Sector sin especificar)
2026-08-13 12:05:19,821 [INFO] ✔ NOTICIA GUARDADA: [antena3.com] La reivindicación de los familiares de los Zamoran... | Lugar: Montería (Sector sin especificar)
2026-08-13 12:05:19,829 [INFO] ✔ NOTICIA GUARDADA: [wamiz.es] Del horror al abrazo: el reencuentro con su perro ... | Lugar: Montería (Sector sin especificar)
2026-08-13 12:05:19,836 [INFO] ✔ NOTICIA GUARDADA: [ABC] El juzgado de Montoro que investiga el trágico acc... | Lugar: Montería (Sector sin especificar)
2026-08-13 12:05:19,845 [INFO] ✔ NOTICIA GUARDADA: [Diario Córdoba] Impactantes imágenes aéreas del lugar del accident... | Lugar: Montería (Sector sin especificar)
2026-08-13 12:05:19,853 [INFO] ✔ NOTICIA GUARDADA: [El Día de Córdoba] Parte de los afectados del accidente de tren de Có... | Lugar: Montería (Sector sin especificar)
2026-08-13 12:05:19,862 [INFO] ✔ NOTICIA GUARDADA: [esdiario.com] Se cumplen dos meses del accidente de Adamuz sin r... | Lugar: Montería (Sector sin especificar)
2026-08-13 12:05:19,869 [INFO] ✔ NOTICIA GUARDADA: [Artículo 14] La alta velocidad ante su mayor crisis reputaciona... | Lugar: Montería (Sector sin especificar)
2026-08-13 12:05:19,878 [INFO] ✔ NOTICIA GUARDADA: [libertaddigital.com] Los nombres de la tragedia del accidente ferroviar... | Lugar: Montería (Sector sin especificar)
2026-08-13 12:05:19,887 [INFO] ✔ NOTICIA GUARDADA: [La Razón] Moncloa replica en el accidente de tren la estrate... | Lugar: Montería (Sector sin especificar)
2026-08-13 12:05:19,894 [INFO] ✔ NOTICIA GUARDADA: [El Confidencial] El día que todo salió bien en el hospital de Córdo... | Lugar: Montería (Sector sin especificar)
2026-08-13 12:05:19,901 [INFO] ✔ NOTICIA GUARDADA: [La Razón] Adif tenía instrucciones contradictorias sobre cóm... | Lugar: Montería (Sector sin especificar)
2026-08-13 12:05:19,908 [INFO] ✔ NOTICIA GUARDADA: [El Debate] Un accidente cerca de La Carlota obliga a una búsq... | Lugar: Montería (Sector sin especificar)
2026-08-13 12:05:19,916 [INFO] ✔ NOTICIA GUARDADA: [Radio Estación] Tras un grave accidente, Ariel Córdoba encontró en... | Lugar: Montería (Sector sin especificar)
2026-08-13 12:05:19,924 [INFO] ✔ NOTICIA GUARDADA: [Diario de Sevilla] Anabel Pantoja, en shock tras el accidente ferrovi... | Lugar: Montería (Sector sin especificar)
2026-08-13 12:05:19,931 [INFO] ✔ NOTICIA GUARDADA: [elDiario.es] Un fallecido en un accidente entre dos camiones en... | Lugar: Montería (Sector sin especificar)
2026-08-13 12:05:19,943 [INFO] ✔ NOTICIA GUARDADA: [Cadena SER] Las vidas truncadas del accidente de Adamuz - Cade... | Lugar: Montería (Sector sin especificar)
2026-08-13 12:05:19,950 [INFO] ✔ NOTICIA GUARDADA: [lavozdelsur.es] El angustioso viaje de un padre para encontrar a s... | Lugar: Montería (Sector sin especificar)
2026-08-13 12:05:19,959 [INFO] ✔ NOTICIA GUARDADA: [Elplural.com] Ascienden a 40 las personas fallecidas en el accid... | Lugar: Montería (Sector sin especificar)
2026-08-13 12:05:19,967 [INFO] ✔ NOTICIA GUARDADA: [lavozdelsur.es] El carril de la vía en Adamuz que habría causado e... | Lugar: vía en Adamuz que habría
2026-08-13 12:05:19,975 [INFO] ✔ NOTICIA GUARDADA: [Elplural.com] Puente desmonta a Feijóo ante sus palabras sobre e... | Lugar: Montería (Sector sin especificar)
2026-08-13 12:05:19,983 [INFO] ✔ NOTICIA GUARDADA: [Jerez Sin Fronteras] Un motorista de 68 años fallece en un trágico acci... | Lugar: Montería (Sector sin especificar)
2026-08-13 12:05:19,990 [INFO] ✔ NOTICIA GUARDADA: [Jerez Sin Fronteras] Luto en el campo andaluz tras un mortal accidente ... | Lugar: Montería (Sector sin especificar)
2026-08-13 12:05:19,997 [INFO] ✔ NOTICIA GUARDADA: [Jerez Sin Fronteras] Un accidente de tráfico en Córdoba deja una víctim... | Lugar: Montería (Sector sin especificar)
2026-08-13 12:05:21,998 [INFO] === RASTREO FINALIZADO: 338 nuevos accidentes registrados ===
2026-08-13 12:05:39,975 [INFO] Iniciando scraping vía RSS Google News para: 'accidente transito Monteria'
2026-08-13 12:05:42,305 [INFO] Items encontrados en RSS para 'accidente transito Monteria': 100
2026-08-13 12:05:44,513 [INFO] Iniciando scraping vía RSS Google News para: 'accidente choques muertos Monteria Cordoba'
2026-08-13 12:05:46,878 [INFO] Items encontrados en RSS para 'accidente choques muertos Monteria Cordoba': 51
2026-08-13 12:05:48,985 [INFO] Iniciando scraping vía RSS Google News para: 'accidente motocicleta Cereté Monteria'
2026-08-13 12:05:51,206 [INFO] Items encontrados en RSS para 'accidente motocicleta Cereté Monteria': 42
2026-08-13 12:05:53,287 [INFO] Iniciando scraping vía RSS Google News para: 'accidente avenida circunvalar Monteria'
2026-08-13 12:05:55,814 [INFO] Items encontrados en RSS para 'accidente avenida circunvalar Monteria': 18
2026-08-13 12:05:57,855 [INFO] Iniciando scraping vía RSS Google News para: 'accidente El Meridiano Cordoba'
2026-08-13 12:06:00,033 [INFO] Items encontrados en RSS para 'accidente El Meridiano Cordoba': 53
2026-08-13 12:06:02,111 [INFO] Iniciando scraping vía RSS Google News para: 'accidente Chica Noticias Monteria'
2026-08-13 12:06:04,343 [INFO] Items encontrados en RSS para 'accidente Chica Noticias Monteria': 52
2026-08-13 12:06:06,430 [INFO] Iniciando scraping vía RSS Google News para: 'accidente El Propio Cordoba'
2026-08-13 12:06:08,739 [INFO] Items encontrados en RSS para 'accidente El Propio Cordoba': 81
2026-08-13 12:06:10,905 [INFO] === RASTREO FINALIZADO: 0 nuevos accidentes registrados ===
